enter
gloucester
messenger
business
personal
-
